Open-DB9 Memory Skill E2E Test Results
Generated: 2026-04-09 21:00:10
============================================================


DETAILED RESULTS:
------------------------------------------------------------
[PASS] Go compiler available - go version go1.26.0 windows/amd64
[PASS] db9.exe (CLI) compiles successfully
[PASS] db9-server.exe (API Server) compiles successfully
[PASS] fs9-service.exe (FS9 Service) compiles successfully
[PASS] mcp-server.exe (MCP Server with memory tools) compiles successfully
[PASS] Migration file 005_agent_memory.up.sql exists
[PASS] Memory handler file (memory.go) exists
[PASS] MCP server handlers file (handlers.go) exists
[PASS] Router file contains /memories routes
[PASS] Skill documentation (skills/db9/SKILL.md) exists
[PASS] Quick start script (db9-quickstart.sh) exists
[PASS] MCP tool memory_store registered
[PASS] MCP tool memory_recall registered
[PASS] MCP tool memory_list registered
[PASS] MCP tool memory_delete registered
[PASS] Handler function handleMemoryStore exists
[PASS] Handler function handleMemoryRecall exists
[PASS] Handler function handleMemoryList exists
[PASS] Handler function handleMemoryDelete exists
[PASS] API handler StoreMemoryHandler exists
[PASS] StoreMemoryHandler has correct signature
[PASS] API handler RecallMemoryHandler exists
[PASS] RecallMemoryHandler has correct signature
[PASS] API handler ListMemoriesHandler exists
[PASS] ListMemoriesHandler has correct signature
[PASS] API handler DeleteMemoryHandler exists
[PASS] DeleteMemoryHandler has correct signature
[PASS] MemoryStoreRequest struct defined
[PASS] MemoryRecallRequest struct defined
[PASS] WorkBuddy defined as agent constant
[PASS] WorkBuddy in supportedAgents map
[PASS] WorkBuddy template includes Memory Skill section
[PASS] WorkBuddy template includes memory_store example
[PASS] WorkBuddy template includes memory_recall example
[PASS] Onboard command accepts workbuddy as agent name
[PASS] SKILL.md: YAML frontmatter present with name field
[PASS] SKILL.md: Quick Start section present
[PASS] SKILL.md: Memory Types table present
[PASS] SKILL.md: MCP Tools Reference (4 tools)
[PASS] SKILL.md: WorkBuddy Integration section
[PASS] SKILL.md: SQL Direct Access examples
[PASS] SKILL.md: UTF-8 Encoding notice present
[PASS] Migration: agent_memories table created
[PASS] Migration: memory_embeddings table created
[PASS] Migration: All required columns present (6/6)
[PASS] Migration: Performance indexes created
[PASS] Migration: Auto-update trigger configured
[PASS] Router: POST /memories configured
[PASS] Router: GET /memories configured
[PASS] Router: POST /memories/recall configured
[PASS] Router: DELETE /memories/:id configured


SUMMARY:
- Total Tests: 51
- Passed: 51
- Failed: 0
- Pass Rate: 100%

Results saved to: c:\Users\11428\Desktop\open_db9\test-results.txt
